14:08:44 **** Incremental Build of configuration Debug for project drek ****
make all 
make --no-print-directory pre-build
a9-linaro-pre-build-step
' '
make --no-print-directory main-build
'Building file: ../src/main.c'
'Invoking: ARM v7 gcc compiler'
arm-none-eabi-gcc -Wall -O0 -g3 -c -fmessage-length=0 -MT"src/main.o" -mcpu=cortex-a9 -mfpu=vfpv3 -mfloat-abi=hard -IC:/Users/marti/workspace/system_wrapper/export/system_wrapper/sw/system_wrapper/standalone_ps7_cortexa9_0/bspinclude/include -MMD -MP -MF"src/main.d" -MT"src/main.o" -o "src/main.o" "../src/main.c"
'Finished building: ../src/main.c'
' '
'Building target: drek.elf'
'Invoking: ARM v7 gcc linker'
arm-none-eabi-gcc -mcpu=cortex-a9 -mfpu=vfpv3 -mfloat-abi=hard -Wl,-build-id=none -specs=Xilinx.spec -Wl,-T -Wl,../src/lscript.ld -LC:/Users/marti/workspace/system_wrapper/export/system_wrapper/sw/system_wrapper/standalone_ps7_cortexa9_0/bsplib/lib -o "drek.elf"  ./src/main.o ./src/motorMoveFunc.o ./src/platform.o ./src/pwmFunc.o ./src/scu_timer.o ./src/sensors.o ./src/timer_f.o ./src/xadc.o   -Wl,--start-group,-lxil,-lgcc,-lc,--end-group
'Finished building target: drek.elf'
' '
'Invoking: ARM v7 Print Size'
arm-none-eabi-size drek.elf  |tee "drek.elf.size"
   text	   data	    bss	    dec	    hex	filename
  68759	   3496	  22816	  95071	  1735f	drek.elf
'Finished building: drek.elf.size'
' '

14:08:45 Build Finished (took 1s.237ms)

