12:50:38 **** Incremental Build of configuration Debug for project Integrationmo8 ****
make all 
make --no-print-directory pre-build
a9-linaro-pre-build-step
' '
make --no-print-directory main-build
'Building file: ../src/deflate_compression.c'
'Invoking: ARM v7 gcc compiler'
arm-none-eabi-gcc -Wall -O0 -g3 -c -fmessage-length=0 -MT"src/deflate_compression.o" -mcpu=cortex-a9 -mfpu=vfpv3 -mfloat-abi=hard -IC:/Users/marti/workspace/system_wrapper/export/system_wrapper/sw/system_wrapper/standalone_ps7_cortexa9_0/bspinclude/include -MMD -MP -MF"src/deflate_compression.d" -MT"src/deflate_compression.o" -o "src/deflate_compression.o" "../src/deflate_compression.c"
'Finished building: ../src/deflate_compression.c'
' '
'Building file: ../src/deflate_decompression.c'
'Invoking: ARM v7 gcc compiler'
arm-none-eabi-gcc -Wall -O0 -g3 -c -fmessage-length=0 -MT"src/deflate_decompression.o" -mcpu=cortex-a9 -mfpu=vfpv3 -mfloat-abi=hard -IC:/Users/marti/workspace/system_wrapper/export/system_wrapper/sw/system_wrapper/standalone_ps7_cortexa9_0/bspinclude/include -MMD -MP -MF"src/deflate_decompression.d" -MT"src/deflate_decompression.o" -o "src/deflate_decompression.o" "../src/deflate_decompression.c"
'Finished building: ../src/deflate_decompression.c'
' '
'Building file: ../src/main.c'
'Invoking: ARM v7 gcc compiler'
arm-none-eabi-gcc -Wall -O0 -g3 -c -fmessage-length=0 -MT"src/main.o" -mcpu=cortex-a9 -mfpu=vfpv3 -mfloat-abi=hard -IC:/Users/marti/workspace/system_wrapper/export/system_wrapper/sw/system_wrapper/standalone_ps7_cortexa9_0/bspinclude/include -MMD -MP -MF"src/main.d" -MT"src/main.o" -o "src/main.o" "../src/main.c"
'Finished building: ../src/main.c'
' '
'Building file: ../src/platform.c'
'Invoking: ARM v7 gcc compiler'
arm-none-eabi-gcc -Wall -O0 -g3 -c -fmessage-length=0 -MT"src/platform.o" -mcpu=cortex-a9 -mfpu=vfpv3 -mfloat-abi=hard -IC:/Users/marti/workspace/system_wrapper/export/system_wrapper/sw/system_wrapper/standalone_ps7_cortexa9_0/bspinclude/include -MMD -MP -MF"src/platform.d" -MT"src/platform.o" -o "src/platform.o" "../src/platform.c"
'Finished building: ../src/platform.c'
' '
'Building file: ../src/rs_common.c'
'Invoking: ARM v7 gcc compiler'
arm-none-eabi-gcc -Wall -O0 -g3 -c -fmessage-length=0 -MT"src/rs_common.o" -mcpu=cortex-a9 -mfpu=vfpv3 -mfloat-abi=hard -IC:/Users/marti/workspace/system_wrapper/export/system_wrapper/sw/system_wrapper/standalone_ps7_cortexa9_0/bspinclude/include -MMD -MP -MF"src/rs_common.d" -MT"src/rs_common.o" -o "src/rs_common.o" "../src/rs_common.c"
'Finished building: ../src/rs_common.c'
' '
'Building file: ../src/rs_decoder.c'
'Invoking: ARM v7 gcc compiler'
arm-none-eabi-gcc -Wall -O0 -g3 -c -fmessage-length=0 -MT"src/rs_decoder.o" -mcpu=cortex-a9 -mfpu=vfpv3 -mfloat-abi=hard -IC:/Users/marti/workspace/system_wrapper/export/system_wrapper/sw/system_wrapper/standalone_ps7_cortexa9_0/bspinclude/include -MMD -MP -MF"src/rs_decoder.d" -MT"src/rs_decoder.o" -o "src/rs_decoder.o" "../src/rs_decoder.c"
'Finished building: ../src/rs_decoder.c'
' '
'Building file: ../src/rs_encoder.c'
'Invoking: ARM v7 gcc compiler'
arm-none-eabi-gcc -Wall -O0 -g3 -c -fmessage-length=0 -MT"src/rs_encoder.o" -mcpu=cortex-a9 -mfpu=vfpv3 -mfloat-abi=hard -IC:/Users/marti/workspace/system_wrapper/export/system_wrapper/sw/system_wrapper/standalone_ps7_cortexa9_0/bspinclude/include -MMD -MP -MF"src/rs_encoder.d" -MT"src/rs_encoder.o" -o "src/rs_encoder.o" "../src/rs_encoder.c"
'Finished building: ../src/rs_encoder.c'
' '
'Building target: Integrationmo8.elf'
'Invoking: ARM v7 gcc linker'
arm-none-eabi-gcc -mcpu=cortex-a9 -mfpu=vfpv3 -mfloat-abi=hard -Wl,-build-id=none -specs=Xilinx.spec -Wl,-T -Wl,../src/lscript.ld -LC:/Users/marti/workspace/system_wrapper/export/system_wrapper/sw/system_wrapper/standalone_ps7_cortexa9_0/bsplib/lib -o "Integrationmo8.elf"  ./src/deflate_compression.o ./src/deflate_decompression.o ./src/main.o ./src/platform.o ./src/rs_common.o ./src/rs_decoder.o ./src/rs_encoder.o   -Wl,--start-group,-lxil,-lgcc,-lc,--end-group
'Finished building target: Integrationmo8.elf'
' '
'Invoking: ARM v7 Print Size'
arm-none-eabi-size Integrationmo8.elf  |tee "Integrationmo8.elf.size"
   text	   data	    bss	    dec	    hex	filename
  38653	   1144	  96520	 136317	  2147d	Integrationmo8.elf
'Finished building: Integrationmo8.elf.size'
' '

12:50:41 Build Finished (took 2s.712ms)

