15:37:12 **** Build of configuration Debug for project MO8_reed_solomon_coding_2 ****
make all 
make --no-print-directory pre-build
a9-linaro-pre-build-step
' '
make --no-print-directory main-build
'Building file: ../src/MOD_CC1101_SPI.c'
'Invoking: ARM v7 gcc compiler'
arm-none-eabi-gcc -Wall -O0 -g3 -c -fmessage-length=0 -MT"src/MOD_CC1101_SPI.o" -mcpu=cortex-a9 -mfpu=vfpv3 -mfloat-abi=hard -IC:/Users/marti/workspace/system_wrapper/export/system_wrapper/sw/system_wrapper/standalone_ps7_cortexa9_0/bspinclude/include -MMD -MP -MF"src/MOD_CC1101_SPI.d" -MT"src/MOD_CC1101_SPI.o" -o "src/MOD_CC1101_SPI.o" "../src/MOD_CC1101_SPI.c"
'Finished building: ../src/MOD_CC1101_SPI.c'
' '
'Building file: ../src/MOD_CC1101_settings.c'
'Invoking: ARM v7 gcc compiler'
arm-none-eabi-gcc -Wall -O0 -g3 -c -fmessage-length=0 -MT"src/MOD_CC1101_settings.o" -mcpu=cortex-a9 -mfpu=vfpv3 -mfloat-abi=hard -IC:/Users/marti/workspace/system_wrapper/export/system_wrapper/sw/system_wrapper/standalone_ps7_cortexa9_0/bspinclude/include -MMD -MP -MF"src/MOD_CC1101_settings.d" -MT"src/MOD_CC1101_settings.o" -o "src/MOD_CC1101_settings.o" "../src/MOD_CC1101_settings.c"
'Finished building: ../src/MOD_CC1101_settings.c'
' '
'Building file: ../src/deflate_compression.c'
'Invoking: ARM v7 gcc compiler'
arm-none-eabi-gcc -Wall -O0 -g3 -c -fmessage-length=0 -MT"src/deflate_compression.o" -mcpu=cortex-a9 -mfpu=vfpv3 -mfloat-abi=hard -IC:/Users/marti/workspace/system_wrapper/export/system_wrapper/sw/system_wrapper/standalone_ps7_cortexa9_0/bspinclude/include -MMD -MP -MF"src/deflate_compression.d" -MT"src/deflate_compression.o" -o "src/deflate_compression.o" "../src/deflate_compression.c"
'Finished building: ../src/deflate_compression.c'
' '
'Building file: ../src/main.c'
'Invoking: ARM v7 gcc compiler'
arm-none-eabi-gcc -Wall -O0 -g3 -c -fmessage-length=0 -MT"src/main.o" -mcpu=cortex-a9 -mfpu=vfpv3 -mfloat-abi=hard -IC:/Users/marti/workspace/system_wrapper/export/system_wrapper/sw/system_wrapper/standalone_ps7_cortexa9_0/bspinclude/include -MMD -MP -MF"src/main.d" -MT"src/main.o" -o "src/main.o" "../src/main.c"
'Finished building: ../src/main.c'
' '
'Building file: ../src/platform.c'
'Invoking: ARM v7 gcc compiler'
arm-none-eabi-gcc -Wall -O0 -g3 -c -fmessage-length=0 -MT"src/platform.o" -mcpu=cortex-a9 -mfpu=vfpv3 -mfloat-abi=hard -IC:/Users/marti/workspace/system_wrapper/export/system_wrapper/sw/system_wrapper/standalone_ps7_cortexa9_0/bspinclude/include -MMD -MP -MF"src/platform.d" -MT"src/platform.o" -o "src/platform.o" "../src/platform.c"
'Finished building: ../src/platform.c'
' '
'Building file: ../src/rs_common.c'
'Invoking: ARM v7 gcc compiler'
arm-none-eabi-gcc -Wall -O0 -g3 -c -fmessage-length=0 -MT"src/rs_common.o" -mcpu=cortex-a9 -mfpu=vfpv3 -mfloat-abi=hard -IC:/Users/marti/workspace/system_wrapper/export/system_wrapper/sw/system_wrapper/standalone_ps7_cortexa9_0/bspinclude/include -MMD -MP -MF"src/rs_common.d" -MT"src/rs_common.o" -o "src/rs_common.o" "../src/rs_common.c"
'Finished building: ../src/rs_common.c'
' '
'Building file: ../src/rs_encoder.c'
'Invoking: ARM v7 gcc compiler'
arm-none-eabi-gcc -Wall -O0 -g3 -c -fmessage-length=0 -MT"src/rs_encoder.o" -mcpu=cortex-a9 -mfpu=vfpv3 -mfloat-abi=hard -IC:/Users/marti/workspace/system_wrapper/export/system_wrapper/sw/system_wrapper/standalone_ps7_cortexa9_0/bspinclude/include -MMD -MP -MF"src/rs_encoder.d" -MT"src/rs_encoder.o" -o "src/rs_encoder.o" "../src/rs_encoder.c"
'Finished building: ../src/rs_encoder.c'
' '
'Building target: MO8_reed_solomon_coding_2.elf'
'Invoking: ARM v7 gcc linker'
arm-none-eabi-gcc -mcpu=cortex-a9 -mfpu=vfpv3 -mfloat-abi=hard -Wl,-build-id=none -specs=Xilinx.spec -Wl,-T -Wl,../src/lscript.ld -LC:/Users/marti/workspace/system_wrapper/export/system_wrapper/sw/system_wrapper/standalone_ps7_cortexa9_0/bsplib/lib -o "MO8_reed_solomon_coding_2.elf"  ./src/MOD_CC1101_SPI.o ./src/MOD_CC1101_settings.o ./src/deflate_compression.o ./src/main.o ./src/platform.o ./src/rs_common.o ./src/rs_encoder.o   -Wl,--start-group,-lxil,-lgcc,-lc,--end-group
'Finished building target: MO8_reed_solomon_coding_2.elf'
' '
'Invoking: ARM v7 Print Size'
arm-none-eabi-size MO8_reed_solomon_coding_2.elf  |tee "MO8_reed_solomon_coding_2.elf.size"
   text	   data	    bss	    dec	    hex	filename
  37801	   1224	  45336	  84361	  14989	MO8_reed_solomon_coding_2.elf
'Finished building: MO8_reed_solomon_coding_2.elf.size'
' '

15:37:16 Build Finished (took 4s.448ms)

