11:43:01 **** Incremental Build of configuration Debug for project MO8Modulation ****
make all 
make --no-print-directory pre-build
a9-linaro-pre-build-step
' '
make --no-print-directory main-build
'Building file: ../src/GDO0_interrupt.c'
'Invoking: ARM v7 gcc compiler'
arm-none-eabi-gcc -Wall -O0 -g3 -c -fmessage-length=0 -MT"src/GDO0_interrupt.o" -mcpu=cortex-a9 -mfpu=vfpv3 -mfloat-abi=hard -IC:/Users/marti/workspace/system_wrapper/export/system_wrapper/sw/system_wrapper/standalone_ps7_cortexa9_0/bspinclude/include -MMD -MP -MF"src/GDO0_interrupt.d" -MT"src/GDO0_interrupt.o" -o "src/GDO0_interrupt.o" "../src/GDO0_interrupt.c"
'Finished building: ../src/GDO0_interrupt.c'
' '
'Building file: ../src/GPIO_MO8.c'
'Invoking: ARM v7 gcc compiler'
arm-none-eabi-gcc -Wall -O0 -g3 -c -fmessage-length=0 -MT"src/GPIO_MO8.o" -mcpu=cortex-a9 -mfpu=vfpv3 -mfloat-abi=hard -IC:/Users/marti/workspace/system_wrapper/export/system_wrapper/sw/system_wrapper/standalone_ps7_cortexa9_0/bspinclude/include -MMD -MP -MF"src/GPIO_MO8.d" -MT"src/GPIO_MO8.o" -o "src/GPIO_MO8.o" "../src/GPIO_MO8.c"
'Finished building: ../src/GPIO_MO8.c'
' '
'Building file: ../src/MOD_CC1101_SPI.c'
'Invoking: ARM v7 gcc compiler'
arm-none-eabi-gcc -Wall -O0 -g3 -c -fmessage-length=0 -MT"src/MOD_CC1101_SPI.o" -mcpu=cortex-a9 -mfpu=vfpv3 -mfloat-abi=hard -IC:/Users/marti/workspace/system_wrapper/export/system_wrapper/sw/system_wrapper/standalone_ps7_cortexa9_0/bspinclude/include -MMD -MP -MF"src/MOD_CC1101_SPI.d" -MT"src/MOD_CC1101_SPI.o" -o "src/MOD_CC1101_SPI.o" "../src/MOD_CC1101_SPI.c"
'Finished building: ../src/MOD_CC1101_SPI.c'
' '
'Building file: ../src/MOD_CC1101_settings.c'
'Invoking: ARM v7 gcc compiler'
arm-none-eabi-gcc -Wall -O0 -g3 -c -fmessage-length=0 -MT"src/MOD_CC1101_settings.o" -mcpu=cortex-a9 -mfpu=vfpv3 -mfloat-abi=hard -IC:/Users/marti/workspace/system_wrapper/export/system_wrapper/sw/system_wrapper/standalone_ps7_cortexa9_0/bspinclude/include -MMD -MP -MF"src/MOD_CC1101_settings.d" -MT"src/MOD_CC1101_settings.o" -o "src/MOD_CC1101_settings.o" "../src/MOD_CC1101_settings.c"
'Finished building: ../src/MOD_CC1101_settings.c'
' '
'Building file: ../src/main_MO8_MOD.c'
'Invoking: ARM v7 gcc compiler'
arm-none-eabi-gcc -Wall -O0 -g3 -c -fmessage-length=0 -MT"src/main_MO8_MOD.o" -mcpu=cortex-a9 -mfpu=vfpv3 -mfloat-abi=hard -IC:/Users/marti/workspace/system_wrapper/export/system_wrapper/sw/system_wrapper/standalone_ps7_cortexa9_0/bspinclude/include -MMD -MP -MF"src/main_MO8_MOD.d" -MT"src/main_MO8_MOD.o" -o "src/main_MO8_MOD.o" "../src/main_MO8_MOD.c"
'Finished building: ../src/main_MO8_MOD.c'
' '
'Building file: ../src/platform.c'
'Invoking: ARM v7 gcc compiler'
arm-none-eabi-gcc -Wall -O0 -g3 -c -fmessage-length=0 -MT"src/platform.o" -mcpu=cortex-a9 -mfpu=vfpv3 -mfloat-abi=hard -IC:/Users/marti/workspace/system_wrapper/export/system_wrapper/sw/system_wrapper/standalone_ps7_cortexa9_0/bspinclude/include -MMD -MP -MF"src/platform.d" -MT"src/platform.o" -o "src/platform.o" "../src/platform.c"
'Finished building: ../src/platform.c'
' '
'Building target: MO8Modulation.elf'
'Invoking: ARM v7 gcc linker'
arm-none-eabi-gcc -mcpu=cortex-a9 -mfpu=vfpv3 -mfloat-abi=hard -Wl,-build-id=none -specs=Xilinx.spec -Wl,-T -Wl,../src/lscript.ld -LC:/Users/marti/workspace/system_wrapper/export/system_wrapper/sw/system_wrapper/standalone_ps7_cortexa9_0/bsplib/lib -o "MO8Modulation.elf"  ./src/GDO0_interrupt.o ./src/GPIO_MO8.o ./src/MOD_CC1101_SPI.o ./src/MOD_CC1101_settings.o ./src/main_MO8_MOD.o ./src/platform.o   -Wl,--start-group,-lxil,-lgcc,-lc,--end-group
'Finished building target: MO8Modulation.elf'
' '
'Invoking: ARM v7 Print Size'
arm-none-eabi-size MO8Modulation.elf  |tee "MO8Modulation.elf.size"
   text	   data	    bss	    dec	    hex	filename
  39233	   2104	  23448	  64785	   fd11	MO8Modulation.elf
'Finished building: MO8Modulation.elf.size'
' '

11:43:04 Build Finished (took 3s.789ms)

