16:17:44 **** Incremental Build of configuration Debug for project oled ****
make all 
make --no-print-directory pre-build
a9-linaro-pre-build-step
' '
make --no-print-directory main-build
'Building file: ../src/Main.c'
'Invoking: ARM v7 gcc compiler'
arm-none-eabi-gcc -Wall -O0 -g3 -c -fmessage-length=0 -MT"src/Main.o" -mcpu=cortex-a9 -mfpu=vfpv3 -mfloat-abi=hard -IC:/Users/marti/workspace/system_wrapper/export/system_wrapper/sw/system_wrapper/standalone_ps7_cortexa9_0/bspinclude/include -MMD -MP -MF"src/Main.d" -MT"src/Main.o" -o "src/Main.o" "../src/Main.c"
'Finished building: ../src/Main.c'
' '
'Building file: ../src/SH1106_Screen.c'
'Invoking: ARM v7 gcc compiler'
arm-none-eabi-gcc -Wall -O0 -g3 -c -fmessage-length=0 -MT"src/SH1106_Screen.o" -mcpu=cortex-a9 -mfpu=vfpv3 -mfloat-abi=hard -IC:/Users/marti/workspace/system_wrapper/export/system_wrapper/sw/system_wrapper/standalone_ps7_cortexa9_0/bspinclude/include -MMD -MP -MF"src/SH1106_Screen.d" -MT"src/SH1106_Screen.o" -o "src/SH1106_Screen.o" "../src/SH1106_Screen.c"
'Finished building: ../src/SH1106_Screen.c'
' '
'Building target: oled.elf'
'Invoking: ARM v7 gcc linker'
arm-none-eabi-gcc -mcpu=cortex-a9 -mfpu=vfpv3 -mfloat-abi=hard -Wl,-build-id=none -specs=Xilinx.spec -Wl,-T -Wl,../src/lscript.ld -LC:/Users/marti/workspace/system_wrapper/export/system_wrapper/sw/system_wrapper/standalone_ps7_cortexa9_0/bsplib/lib -o "oled.elf"  ./src/I2Csrc/mui.o ./src/I2Csrc/mui_u8g2.o ./src/I2Csrc/u8g2_arc.o ./src/I2Csrc/u8g2_bitmap.o ./src/I2Csrc/u8g2_box.o ./src/I2Csrc/u8g2_buffer.o ./src/I2Csrc/u8g2_button.o ./src/I2Csrc/u8g2_circle.o ./src/I2Csrc/u8g2_cleardisplay.o ./src/I2Csrc/u8g2_d_memory.o ./src/I2Csrc/u8g2_d_setup.o ./src/I2Csrc/u8g2_font.o ./src/I2Csrc/u8g2_fonts.o ./src/I2Csrc/u8g2_hvline.o ./src/I2Csrc/u8g2_input_value.o ./src/I2Csrc/u8g2_intersection.o ./src/I2Csrc/u8g2_kerning.o ./src/I2Csrc/u8g2_line.o ./src/I2Csrc/u8g2_ll_hvline.o ./src/I2Csrc/u8g2_message.o ./src/I2Csrc/u8g2_polygon.o ./src/I2Csrc/u8g2_selection_list.o ./src/I2Csrc/u8g2_setup.o ./src/I2Csrc/u8log.o ./src/I2Csrc/u8log_u8g2.o ./src/I2Csrc/u8log_u8x8.o ./src/I2Csrc/u8x8_8x8.o ./src/I2Csrc/u8x8_byte.o ./src/I2Csrc/u8x8_cad.o ./src/I2Csrc/u8x8_capture.o ./src/I2Csrc/u8x8_d_a2printer.o ./src/I2Csrc/u8x8_d_gp1247ai.o ./src/I2Csrc/u8x8_d_gp1287ai.o ./src/I2Csrc/u8x8_d_gp1294ai.o ./src/I2Csrc/u8x8_d_gu800.o ./src/I2Csrc/u8x8_d_hd44102.o ./src/I2Csrc/u8x8_d_il3820_296x128.o ./src/I2Csrc/u8x8_d_ist3020.o ./src/I2Csrc/u8x8_d_ist3088.o ./src/I2Csrc/u8x8_d_ist7920.o ./src/I2Csrc/u8x8_d_ks0108.o ./src/I2Csrc/u8x8_d_lc7981.o ./src/I2Csrc/u8x8_d_ld7032_60x32.o ./src/I2Csrc/u8x8_d_ls013b7dh03.o ./src/I2Csrc/u8x8_d_max7219.o ./src/I2Csrc/u8x8_d_pcd8544_84x48.o ./src/I2Csrc/u8x8_d_pcf8812.o ./src/I2Csrc/u8x8_d_pcf8814_hx1230.o ./src/I2Csrc/u8x8_d_s1d15300.o ./src/I2Csrc/u8x8_d_s1d15721.o ./src/I2Csrc/u8x8_d_s1d15e06.o ./src/I2Csrc/u8x8_d_sbn1661.o ./src/I2Csrc/u8x8_d_sed1330.o ./src/I2Csrc/u8x8_d_sh1106_64x32.o ./src/I2Csrc/u8x8_d_sh1106_72x40.o ./src/I2Csrc/u8x8_d_sh1107.o ./src/I2Csrc/u8x8_d_sh1108.o ./src/I2Csrc/u8x8_d_sh1122.o ./src/I2Csrc/u8x8_d_ssd1305.o ./src/I2Csrc/u8x8_d_ssd1306_128x32.o ./src/I2Csrc/u8x8_d_ssd1306_128x64_noname.o ./src/I2Csrc/u8x8_d_ssd1306_2040x16.o ./src/I2Csrc/u8x8_d_ssd1306_48x64.o ./src/I2Csrc/u8x8_d_ssd1306_64x32.o ./src/I2Csrc/u8x8_d_ssd1306_64x48.o ./src/I2Csrc/u8x8_d_ssd1306_72x40.o ./src/I2Csrc/u8x8_d_ssd1306_96x16.o ./src/I2Csrc/u8x8_d_ssd1306_96x40.o ./src/I2Csrc/u8x8_d_ssd1309.o ./src/I2Csrc/u8x8_d_ssd1316.o ./src/I2Csrc/u8x8_d_ssd1317.o ./src/I2Csrc/u8x8_d_ssd1318.o ./src/I2Csrc/u8x8_d_ssd1320.o ./src/I2Csrc/u8x8_d_ssd1322.o ./src/I2Csrc/u8x8_d_ssd1325.o ./src/I2Csrc/u8x8_d_ssd1326.o ./src/I2Csrc/u8x8_d_ssd1327.o ./src/I2Csrc/u8x8_d_ssd1329.o ./src/I2Csrc/u8x8_d_ssd1362.o ./src/I2Csrc/u8x8_d_ssd1606_172x72.o ./src/I2Csrc/u8x8_d_ssd1607_200x200.o ./src/I2Csrc/u8x8_d_st7511.o ./src/I2Csrc/u8x8_d_st75160.o ./src/I2Csrc/u8x8_d_st75256.o ./src/I2Csrc/u8x8_d_st7528.o ./src/I2Csrc/u8x8_d_st75320.o ./src/I2Csrc/u8x8_d_st7539.o ./src/I2Csrc/u8x8_d_st7565.o ./src/I2Csrc/u8x8_d_st7567.o ./src/I2Csrc/u8x8_d_st7571.o ./src/I2Csrc/u8x8_d_st7586s_erc240160.o ./src/I2Csrc/u8x8_d_st7586s_jlx320160.o ./src/I2Csrc/u8x8_d_st7586s_jlx384160.o ./src/I2Csrc/u8x8_d_st7586s_s028hn118a.o ./src/I2Csrc/u8x8_d_st7586s_ymc240160.o ./src/I2Csrc/u8x8_d_st7588.o ./src/I2Csrc/u8x8_d_st7920.o ./src/I2Csrc/u8x8_d_stdio.o ./src/I2Csrc/u8x8_d_t6963.o ./src/I2Csrc/u8x8_d_uc1601.o ./src/I2Csrc/u8x8_d_uc1604.o ./src/I2Csrc/u8x8_d_uc1608.o ./src/I2Csrc/u8x8_d_uc1609.o ./src/I2Csrc/u8x8_d_uc1610.o ./src/I2Csrc/u8x8_d_uc1611.o ./src/I2Csrc/u8x8_d_uc1617.o ./src/I2Csrc/u8x8_d_uc1628.o ./src/I2Csrc/u8x8_d_uc1638.o ./src/I2Csrc/u8x8_d_uc1701_dogs102.o ./src/I2Csrc/u8x8_d_uc1701_mini12864.o ./src/I2Csrc/u8x8_debounce.o ./src/I2Csrc/u8x8_display.o ./src/I2Csrc/u8x8_fonts.o ./src/I2Csrc/u8x8_gpio.o ./src/I2Csrc/u8x8_input_value.o ./src/I2Csrc/u8x8_message.o ./src/I2Csrc/u8x8_selection_list.o ./src/I2Csrc/u8x8_setup.o ./src/I2Csrc/u8x8_string.o ./src/I2Csrc/u8x8_u16toa.o ./src/I2Csrc/u8x8_u8toa.o  ./src/Main.o ./src/SH1106_Screen.o ./src/platform.o   -Wl,--start-group,-lxil,-lgcc,-lc,--end-group
'Finished building target: oled.elf'
' '
'Invoking: ARM v7 Print Size'
arm-none-eabi-size oled.elf  |tee "oled.elf.size"
   text	   data	    bss	    dec	    hex	filename
 272058	   2216	 218456	 492730	  784ba	oled.elf
'Finished building: oled.elf.size'
' '

16:17:47 Build Finished (took 2s.328ms)

