10:00:21 **** Build of configuration Debug for project pollingtimer ****
make all 
'Building file: ../src/helloworld.c'
'Invoking: ARM v7 gcc compiler'
arm-none-eabi-gcc -Wall -O0 -g3 -c -fmessage-length=0 -MT"src/helloworld.o" -mcpu=cortex-a9 -mfpu=vfpv3 -mfloat-abi=hard -IC:/Users/marti/workspace/system_wrapper/export/system_wrapper/sw/system_wrapper/standalone_ps7_cortexa9_0/bspinclude/include -MMD -MP -MF"src/helloworld.d" -MT"src/helloworld.o" -o "src/helloworld.o" "../src/helloworld.c"
'Finished building: ../src/helloworld.c'
' '
'Building file: ../src/platform.c'
'Invoking: ARM v7 gcc compiler'
arm-none-eabi-gcc -Wall -O0 -g3 -c -fmessage-length=0 -MT"src/platform.o" -mcpu=cortex-a9 -mfpu=vfpv3 -mfloat-abi=hard -IC:/Users/marti/workspace/system_wrapper/export/system_wrapper/sw/system_wrapper/standalone_ps7_cortexa9_0/bspinclude/include -MMD -MP -MF"src/platform.d" -MT"src/platform.o" -o "src/platform.o" "../src/platform.c"
'Finished building: ../src/platform.c'
' '
'Building target: pollingtimer.elf'
'Invoking: ARM v7 gcc linker'
arm-none-eabi-gcc -Wl,-T -Wl,../src/lscript.ld -LC:/Users/marti/workspace/system_wrapper/export/system_wrapper/sw/system_wrapper/standalone_ps7_cortexa9_0/bsplib/lib -o "pollingtimer.elf"  ./src/helloworld.o ./src/platform.o   -Wl,--start-group,-lxil,-lgcc,-lc,--end-group
c:/xilinx/vitis/2023.1/gnu/aarch32/nt/gcc-arm-none-eabi/x86_64-oesdk-mingw32/usr/bin/arm-xilinx-eabi/../../libexec/arm-xilinx-eabi/gcc/arm-xilinx-eabi/12.2.0/ld.exe: error: ./src/helloworld.o uses VFP register arguments, pollingtimer.elf does not
c:/xilinx/vitis/2023.1/gnu/aarch32/nt/gcc-arm-none-eabi/x86_64-oesdk-mingw32/usr/bin/arm-xilinx-eabi/../../libexec/arm-xilinx-eabi/gcc/arm-xilinx-eabi/12.2.0/ld.exe: failed to merge target specific data of file ./src/helloworld.o
c:/xilinx/vitis/2023.1/gnu/aarch32/nt/gcc-arm-none-eabi/x86_64-oesdk-mingw32/usr/bin/arm-xilinx-eabi/../../libexec/arm-xilinx-eabi/gcc/arm-xilinx-eabi/12.2.0/ld.exe: error: ./src/platform.o uses VFP register arguments, pollingtimer.elf does not
c:/xilinx/vitis/2023.1/gnu/aarch32/nt/gcc-arm-none-eabi/x86_64-oesdk-mingw32/usr/bin/arm-xilinx-eabi/../../libexec/arm-xilinx-eabi/gcc/arm-xilinx-eabi/12.2.0/ld.exe: failed to merge target specific data of file ./src/platform.o
c:/xilinx/vitis/2023.1/gnu/aarch32/nt/gcc-arm-none-eabi/x86_64-oesdk-mingw32/usr/bin/arm-xilinx-eabi/../../libexec/arm-xilinx-eabi/gcc/arm-xilinx-eabi/12.2.0/ld.exe: error: C:/Users/marti/workspace/system_wrapper/export/system_wrapper/sw/system_wrapper/standalone_ps7_cortexa9_0/bsplib/lib\libxil.a(vectors.o) uses VFP register arguments, pollingtimer.elf does not
c:/xilinx/vitis/2023.1/gnu/aarch32/nt/gcc-arm-none-eabi/x86_64-oesdk-mingw32/usr/bin/arm-xilinx-eabi/../../libexec/arm-xilinx-eabi/gcc/arm-xilinx-eabi/12.2.0/ld.exe: failed to merge target specific data of file C:/Users/marti/workspace/system_wrapper/export/system_wrapper/sw/system_wrapper/standalone_ps7_cortexa9_0/bsplib/lib\libxil.a(vectors.o)
c:/xilinx/vitis/2023.1/gnu/aarch32/nt/gcc-arm-none-eabi/x86_64-oesdk-mingw32/usr/bin/arm-xilinx-eabi/../../libexec/arm-xilinx-eabi/gcc/arm-xilinx-eabi/12.2.0/ld.exe: error: C:/Users/marti/workspace/system_wrapper/export/system_wrapper/sw/system_wrapper/standalone_ps7_cortexa9_0/bsplib/lib\libxil.a(xil_exception.o) uses VFP register arguments, pollingtimer.elf does not
c:/xilinx/vitis/2023.1/gnu/aarch32/nt/gcc-arm-none-eabi/x86_64-oesdk-mingw32/usr/bin/arm-xilinx-eabi/../../libexec/arm-xilinx-eabi/gcc/arm-xilinx-eabi/12.2.0/ld.exe: failed to merge target specific data of file C:/Users/marti/workspace/system_wrapper/export/system_wrapper/sw/system_wrapper/standalone_ps7_cortexa9_0/bsplib/lib\libxil.a(xil_exception.o)
c:/xilinx/vitis/2023.1/gnu/aarch32/nt/gcc-arm-none-eabi/x86_64-oesdk-mingw32/usr/bin/arm-xilinx-eabi/../../libexec/arm-xilinx-eabi/gcc/arm-xilinx-eabi/12.2.0/ld.exe: error: C:/Users/marti/workspace/system_wrapper/export/system_wrapper/sw/system_wrapper/standalone_ps7_cortexa9_0/bsplib/lib\libxil.a(xtime_l.o) uses VFP register arguments, pollingtimer.elf does not
c:/xilinx/vitis/2023.1/gnu/aarch32/nt/gcc-arm-none-eabi/x86_64-oesdk-mingw32/usr/bin/arm-xilinx-eabi/../../libexec/arm-xilinx-eabi/gcc/arm-xilinx-eabi/12.2.0/ld.exe: failed to merge target specific data of file C:/Users/marti/workspace/system_wrapper/export/system_wrapper/sw/system_wrapper/standalone_ps7_cortexa9_0/bsplib/lib\libxil.a(xtime_l.o)
c:/xilinx/vitis/2023.1/gnu/aarch32/nt/gcc-arm-none-eabi/x86_64-oesdk-mingw32/usr/bin/arm-xilinx-eabi/../../libexec/arm-xilinx-eabi/gcc/arm-xilinx-eabi/12.2.0/ld.exe: error: C:/Users/marti/workspace/system_wrapper/export/system_wrapper/sw/system_wrapper/standalone_ps7_cortexa9_0/bsplib/lib\libxil.a(_exit.o) uses VFP register arguments, pollingtimer.elf does not
c:/xilinx/vitis/2023.1/gnu/aarch32/nt/gcc-arm-none-eabi/x86_64-oesdk-mingw32/usr/bin/arm-xilinx-eabi/../../libexec/arm-xilinx-eabi/gcc/arm-xilinx-eabi/12.2.0/ld.exe: failed to merge target specific data of file C:/Users/marti/workspace/system_wrapper/export/system_wrapper/sw/system_wrapper/standalone_ps7_cortexa9_0/bsplib/lib\libxil.a(_exit.o)
c:/xilinx/vitis/2023.1/gnu/aarch32/nt/gcc-arm-none-eabi/x86_64-oesdk-mingw32/usr/bin/arm-xilinx-eabi/../../libexec/arm-xilinx-eabi/gcc/arm-xilinx-eabi/12.2.0/ld.exe: error: C:/Users/marti/workspace/system_wrapper/export/system_wrapper/sw/system_wrapper/standalone_ps7_cortexa9_0/bsplib/lib\libxil.a(_sbrk.o) uses VFP register arguments, pollingtimer.elf does not
c:/xilinx/vitis/2023.1/gnu/aarch32/nt/gcc-arm-none-eabi/x86_64-oesdk-mingw32/usr/bin/arm-xilinx-eabi/../../libexec/arm-xilinx-eabi/gcc/arm-xilinx-eabi/12.2.0/ld.exe: failed to merge target specific data of file C:/Users/marti/workspace/system_wrapper/export/system_wrapper/sw/system_wrapper/standalone_ps7_cortexa9_0/bsplib/lib\libxil.a(_sbrk.o)
c:/xilinx/vitis/2023.1/gnu/aarch32/nt/gcc-arm-none-eabi/x86_64-oesdk-mingw32/usr/bin/arm-xilinx-eabi/../../libexec/arm-xilinx-eabi/gcc/arm-xilinx-eabi/12.2.0/ld.exe: error: C:/Users/marti/workspace/system_wrapper/export/system_wrapper/sw/system_wrapper/standalone_ps7_cortexa9_0/bsplib/lib\libxil.a(close.o) uses VFP register arguments, pollingtimer.elf does not
c:/xilinx/vitis/2023.1/gnu/aarch32/nt/gcc-arm-none-eabi/x86_64-oesdk-mingw32/usr/bin/arm-xilinx-eabi/../../libexec/arm-xilinx-eabi/gcc/arm-xilinx-eabi/12.2.0/ld.exe: failed to merge target specific data of file C:/Users/marti/workspace/system_wrapper/export/system_wrapper/sw/system_wrapper/standalone_ps7_cortexa9_0/bsplib/lib\libxil.a(close.o)
c:/xilinx/vitis/2023.1/gnu/aarch32/nt/gcc-arm-none-eabi/x86_64-oesdk-mingw32/usr/bin/arm-xilinx-eabi/../../libexec/arm-xilinx-eabi/gcc/arm-xilinx-eabi/12.2.0/ld.exe: error: C:/Users/marti/workspace/system_wrapper/export/system_wrapper/sw/system_wrapper/standalone_ps7_cortexa9_0/bsplib/lib\libxil.a(fstat.o) uses VFP register arguments, pollingtimer.elf does not
c:/xilinx/vitis/2023.1/gnu/aarch32/nt/gcc-arm-none-eabi/x86_64-oesdk-mingw32/usr/bin/arm-xilinx-eabi/../../libexec/arm-xilinx-eabi/gcc/arm-xilinx-eabi/12.2.0/ld.exe: failed to merge target specific data of file C:/Users/marti/workspace/system_wrapper/export/system_wrapper/sw/system_wrapper/standalone_ps7_cortexa9_0/bsplib/lib\libxil.a(fstat.o)
c:/xilinx/vitis/2023.1/gnu/aarch32/nt/gcc-arm-none-eabi/x86_64-oesdk-mingw32/usr/bin/arm-xilinx-eabi/../../libexec/arm-xilinx-eabi/gcc/arm-xilinx-eabi/12.2.0/ld.exe: error: C:/Users/marti/workspace/system_wrapper/export/system_wrapper/sw/system_wrapper/standalone_ps7_cortexa9_0/bsplib/lib\libxil.a(getpid.o) uses VFP register arguments, pollingtimer.elf does not
c:/xilinx/vitis/2023.1/gnu/aarch32/nt/gcc-arm-none-eabi/x86_64-oesdk-mingw32/usr/bin/arm-xilinx-eabi/../../libexec/arm-xilinx-eabi/gcc/arm-xilinx-eabi/12.2.0/ld.exe: failed to merge target specific data of file C:/Users/marti/workspace/system_wrapper/export/system_wrapper/sw/system_wrapper/standalone_ps7_cortexa9_0/bsplib/lib\libxil.a(getpid.o)
c:/xilinx/vitis/2023.1/gnu/aarch32/nt/gcc-arm-none-eabi/x86_64-oesdk-mingw32/usr/bin/arm-xilinx-eabi/../../libexec/arm-xilinx-eabi/gcc/arm-xilinx-eabi/12.2.0/ld.exe: error: C:/Users/marti/workspace/system_wrapper/export/system_wrapper/sw/system_wrapper/standalone_ps7_cortexa9_0/bsplib/lib\libxil.a(isatty.o) uses VFP register arguments, pollingtimer.elf does not
c:/xilinx/vitis/2023.1/gnu/aarch32/nt/gcc-arm-none-eabi/x86_64-oesdk-mingw32/usr/bin/arm-xilinx-eabi/../../libexec/arm-xilinx-eabi/gcc/arm-xilinx-eabi/12.2.0/ld.exe: failed to merge target specific data of file C:/Users/marti/workspace/system_wrapper/export/system_wrapper/sw/system_wrapper/standalone_ps7_cortexa9_0/bsplib/lib\libxil.a(isatty.o)
c:/xilinx/vitis/2023.1/gnu/aarch32/nt/gcc-arm-none-eabi/x86_64-oesdk-mingw32/usr/bin/arm-xilinx-eabi/../../libexec/arm-xilinx-eabi/gcc/arm-xilinx-eabi/12.2.0/ld.exe: error: C:/Users/marti/workspace/system_wrapper/export/system_wrapper/sw/system_wrapper/standalone_ps7_cortexa9_0/bsplib/lib\libxil.a(kill.o) uses VFP register arguments, pollingtimer.elf does not
c:/xilinx/vitis/2023.1/gnu/aarch32/nt/gcc-arm-none-eabi/x86_64-oesdk-mingw32/usr/bin/arm-xilinx-eabi/../../libexec/arm-xilinx-eabi/gcc/arm-xilinx-eabi/12.2.0/ld.exe: failed to merge target specific data of file C:/Users/marti/workspace/system_wrapper/export/system_wrapper/sw/system_wrapper/standalone_ps7_cortexa9_0/bsplib/lib\libxil.a(kill.o)
c:/xilinx/vitis/2023.1/gnu/aarch32/nt/gcc-arm-none-eabi/x86_64-oesdk-mingw32/usr/bin/arm-xilinx-eabi/../../libexec/arm-xilinx-eabi/gcc/arm-xilinx-eabi/12.2.0/ld.exe: error: C:/Users/marti/workspace/system_wrapper/export/system_wrapper/sw/system_wrapper/standalone_ps7_cortexa9_0/bsplib/lib\libxil.a(lseek.o) uses VFP register arguments, pollingtimer.elf does not
c:/xilinx/vitis/2023.1/gnu/aarch32/nt/gcc-arm-none-eabi/x86_64-oesdk-mingw32/usr/bin/arm-xilinx-eabi/../../libexec/arm-xilinx-eabi/gcc/arm-xilinx-eabi/12.2.0/ld.exe: failed to merge target specific data of file C:/Users/marti/workspace/system_wrapper/export/system_wrapper/sw/system_wrapper/standalone_ps7_cortexa9_0/bsplib/lib\libxil.a(lseek.o)
c:/xilinx/vitis/2023.1/gnu/aarch32/nt/gcc-arm-none-eabi/x86_64-oesdk-mingw32/usr/bin/arm-xilinx-eabi/../../libexec/arm-xilinx-eabi/gcc/arm-xilinx-eabi/12.2.0/ld.exe: error: C:/Users/marti/workspace/system_wrapper/export/system_wrapper/sw/system_wrapper/standalone_ps7_cortexa9_0/bsplib/lib\libxil.a(read.o) uses VFP register arguments, pollingtimer.elf does not
c:/xilinx/vitis/2023.1/gnu/aarch32/nt/gcc-arm-none-eabi/x86_64-oesdk-mingw32/usr/bin/arm-xilinx-eabi/../../libexec/arm-xilinx-eabi/gcc/arm-xilinx-eabi/12.2.0/ld.exe: failed to merge target specific data of file C:/Users/marti/workspace/system_wrapper/export/system_wrapper/sw/system_wrapper/standalone_ps7_cortexa9_0/bsplib/lib\libxil.a(read.o)
c:/xilinx/vitis/2023.1/gnu/aarch32/nt/gcc-arm-none-eabi/x86_64-oesdk-mingw32/usr/bin/arm-xilinx-eabi/../../libexec/arm-xilinx-eabi/gcc/arm-xilinx-eabi/12.2.0/ld.exe: error: C:/Users/marti/workspace/system_wrapper/export/system_wrapper/sw/system_wrapper/standalone_ps7_cortexa9_0/bsplib/lib\libxil.a(write.o) uses VFP register arguments, pollingtimer.elf does not
c:/xilinx/vitis/2023.1/gnu/aarch32/nt/gcc-arm-none-eabi/x86_64-oesdk-mingw32/usr/bin/arm-xilinx-eabi/../../libexec/arm-xilinx-eabi/gcc/arm-xilinx-eabi/12.2.0/ld.exe: failed to merge target specific data of file C:/Users/marti/workspace/system_wrapper/export/system_wrapper/sw/system_wrapper/standalone_ps7_cortexa9_0/bsplib/lib\libxil.a(write.o)
c:/xilinx/vitis/2023.1/gnu/aarch32/nt/gcc-arm-none-eabi/x86_64-oesdk-mingw32/usr/bin/arm-xilinx-eabi/../../libexec/arm-xilinx-eabi/gcc/arm-xilinx-eabi/12.2.0/ld.exe: error: C:/Users/marti/workspace/system_wrapper/export/system_wrapper/sw/system_wrapper/standalone_ps7_cortexa9_0/bsplib/lib\libxil.a(inbyte.o) uses VFP register arguments, pollingtimer.elf does not
c:/xilinx/vitis/2023.1/gnu/aarch32/nt/gcc-arm-none-eabi/x86_64-oesdk-mingw32/usr/bin/arm-xilinx-eabi/../../libexec/arm-xilinx-eabi/gcc/arm-xilinx-eabi/12.2.0/ld.exe: failed to merge target specific data of file C:/Users/marti/workspace/system_wrapper/export/system_wrapper/sw/system_wrapper/standalone_ps7_cortexa9_0/bsplib/lib\libxil.a(inbyte.o)
c:/xilinx/vitis/2023.1/gnu/aarch32/nt/gcc-arm-none-eabi/x86_64-oesdk-mingw32/usr/bin/arm-xilinx-eabi/../../libexec/arm-xilinx-eabi/gcc/arm-xilinx-eabi/12.2.0/ld.exe: error: C:/Users/marti/workspace/system_wrapper/export/system_wrapper/sw/system_wrapper/standalone_ps7_cortexa9_0/bsplib/lib\libxil.a(outbyte.o) uses VFP register arguments, pollingtimer.elf does not
c:/xilinx/vitis/2023.1/gnu/aarch32/nt/gcc-arm-none-eabi/x86_64-oesdk-mingw32/usr/bin/arm-xilinx-eabi/../../libexec/arm-xilinx-eabi/gcc/arm-xilinx-eabi/12.2.0/ld.exe: failed to merge target specific data of file C:/Users/marti/workspace/system_wrapper/export/system_wrapper/sw/system_wrapper/standalone_ps7_cortexa9_0/bsplib/lib\libxil.a(outbyte.o)
c:/xilinx/vitis/2023.1/gnu/aarch32/nt/gcc-arm-none-eabi/x86_64-oesdk-mingw32/usr/bin/arm-xilinx-eabi/../../libexec/arm-xilinx-eabi/gcc/arm-xilinx-eabi/12.2.0/ld.exe: error: C:/Users/marti/workspace/system_wrapper/export/system_wrapper/sw/system_wrapper/standalone_ps7_cortexa9_0/bsplib/lib\libxil.a(xuartps_hw.o) uses VFP register arguments, pollingtimer.elf does not
c:/xilinx/vitis/2023.1/gnu/aarch32/nt/gcc-arm-none-eabi/x86_64-oesdk-mingw32/usr/bin/arm-xilinx-eabi/../../libexec/arm-xilinx-eabi/gcc/arm-xilinx-eabi/12.2.0/ld.exe: failed to merge target specific data of file C:/Users/marti/workspace/system_wrapper/export/system_wrapper/sw/system_wrapper/standalone_ps7_cortexa9_0/bsplib/lib\libxil.a(xuartps_hw.o)
c:/xilinx/vitis/2023.1/gnu/aarch32/nt/gcc-arm-none-eabi/x86_64-oesdk-mingw32/usr/bin/arm-xilinx-eabi/../../libexec/arm-xilinx-eabi/gcc/arm-xilinx-eabi/12.2.0/ld.exe: C:/Xilinx/Vitis/2023.1/gnu/aarch32/nt/gcc-arm-none-eabi/bin//../aarch32-xilinx-eabi/usr/lib/crt0.o: in function `_mainCRTStartup':
/usr/src/debug/libgloss/4.2.0-r0/libgloss/arm/crt0.S:547: undefined reference to `__bss_start__'
c:/xilinx/vitis/2023.1/gnu/aarch32/nt/gcc-arm-none-eabi/x86_64-oesdk-mingw32/usr/bin/arm-xilinx-eabi/../../libexec/arm-xilinx-eabi/gcc/arm-xilinx-eabi/12.2.0/ld.exe: /usr/src/debug/libgloss/4.2.0-r0/libgloss/arm/crt0.S:547: undefined reference to `__bss_end__'
collect2.exe: error: ld returned 1 exit status
make: *** [makefile:38: pollingtimer.elf] Error 1

10:00:22 Build Finished (took 1s.715ms)

