09:24:20 **** Build of configuration Debug for project SoftwareLayeredArchitecture ****
make all 
make --no-print-directory pre-build
a9-linaro-pre-build-step
' '
make --no-print-directory main-build
'Building file: ../src/abc.c'
'Invoking: ARM v7 gcc compiler'
arm-none-eabi-gcc -Wall -O0 -g3 -c -fmessage-length=0 -MT"src/abc.o" -mcpu=cortex-a9 -mfpu=vfpv3 -mfloat-abi=hard -IC:/Users/marti/workspace/system_wrapper/export/system_wrapper/sw/system_wrapper/standalone_ps7_cortexa9_0/bspinclude/include -MMD -MP -MF"src/abc.d" -MT"src/abc.o" -o "src/abc.o" "../src/abc.c"
'Finished building: ../src/abc.c'
' '
'Building file: ../src/helloworld.c'
'Invoking: ARM v7 gcc compiler'
arm-none-eabi-gcc -Wall -O0 -g3 -c -fmessage-length=0 -MT"src/helloworld.o" -mcpu=cortex-a9 -mfpu=vfpv3 -mfloat-abi=hard -IC:/Users/marti/workspace/system_wrapper/export/system_wrapper/sw/system_wrapper/standalone_ps7_cortexa9_0/bspinclude/include -MMD -MP -MF"src/helloworld.d" -MT"src/helloworld.o" -o "src/helloworld.o" "../src/helloworld.c"
'Finished building: ../src/helloworld.c'
' '
'Building file: ../src/platform.c'
'Invoking: ARM v7 gcc compiler'
arm-none-eabi-gcc -Wall -O0 -g3 -c -fmessage-length=0 -MT"src/platform.o" -mcpu=cortex-a9 -mfpu=vfpv3 -mfloat-abi=hard -IC:/Users/marti/workspace/system_wrapper/export/system_wrapper/sw/system_wrapper/standalone_ps7_cortexa9_0/bspinclude/include -MMD -MP -MF"src/platform.d" -MT"src/platform.o" -o "src/platform.o" "../src/platform.c"
'Finished building: ../src/platform.c'
' '
'Building file: ../src/xyz.c'
'Invoking: ARM v7 gcc compiler'
arm-none-eabi-gcc -Wall -O0 -g3 -c -fmessage-length=0 -MT"src/xyz.o" -mcpu=cortex-a9 -mfpu=vfpv3 -mfloat-abi=hard -IC:/Users/marti/workspace/system_wrapper/export/system_wrapper/sw/system_wrapper/standalone_ps7_cortexa9_0/bspinclude/include -MMD -MP -MF"src/xyz.d" -MT"src/xyz.o" -o "src/xyz.o" "../src/xyz.c"
'Finished building: ../src/xyz.c'
' '
'Building target: SoftwareLayeredArchitecture.elf'
'Invoking: ARM v7 gcc linker'
arm-none-eabi-gcc -mcpu=cortex-a9 -mfpu=vfpv3 -mfloat-abi=hard -Wl,-build-id=none -specs=Xilinx.spec -Wl,-T -Wl,../src/lscript.ld -LC:/Users/marti/workspace/system_wrapper/export/system_wrapper/sw/system_wrapper/standalone_ps7_cortexa9_0/bsplib/lib -o "SoftwareLayeredArchitecture.elf"  ./src/abc.o ./src/helloworld.o ./src/platform.o ./src/xyz.o   -Wl,--start-group,-lxil,-lgcc,-lc,--end-group
'Finished building target: SoftwareLayeredArchitecture.elf'
' '
'Invoking: ARM v7 Print Size'
arm-none-eabi-size SoftwareLayeredArchitecture.elf  |tee "SoftwareLayeredArchitecture.elf.size"
   text	   data	    bss	    dec	    hex	filename
  59267	   2672	  22680	  84619	  14a8b	SoftwareLayeredArchitecture.elf
'Finished building: SoftwareLayeredArchitecture.elf.size'
' '

09:24:23 Build Finished (took 2s.822ms)

