12:10:43 **** Build of configuration Debug for project SolarPanel ****
make all 
make --no-print-directory pre-build
a9-linaro-pre-build-step
' '
make --no-print-directory main-build
'Building file: ../src/main.c'
'Invoking: ARM v7 gcc compiler'
arm-none-eabi-gcc -Wall -O0 -g3 -c -fmessage-length=0 -MT"src/main.o" -mcpu=cortex-a9 -mfpu=vfpv3 -mfloat-abi=hard -IC:/Users/marti/workspace/system_wrapper/export/system_wrapper/sw/system_wrapper/standalone_ps7_cortexa9_0/bspinclude/include -MMD -MP -MF"src/main.d" -MT"src/main.o" -o "src/main.o" "../src/main.c"
'Finished building: ../src/main.c'
' '
'Building file: ../src/motorMoveFunc.c'
'Invoking: ARM v7 gcc compiler'
arm-none-eabi-gcc -Wall -O0 -g3 -c -fmessage-length=0 -MT"src/motorMoveFunc.o" -mcpu=cortex-a9 -mfpu=vfpv3 -mfloat-abi=hard -IC:/Users/marti/workspace/system_wrapper/export/system_wrapper/sw/system_wrapper/standalone_ps7_cortexa9_0/bspinclude/include -MMD -MP -MF"src/motorMoveFunc.d" -MT"src/motorMoveFunc.o" -o "src/motorMoveFunc.o" "../src/motorMoveFunc.c"
'Finished building: ../src/motorMoveFunc.c'
' '
'Building file: ../src/platform.c'
'Invoking: ARM v7 gcc compiler'
arm-none-eabi-gcc -Wall -O0 -g3 -c -fmessage-length=0 -MT"src/platform.o" -mcpu=cortex-a9 -mfpu=vfpv3 -mfloat-abi=hard -IC:/Users/marti/workspace/system_wrapper/export/system_wrapper/sw/system_wrapper/standalone_ps7_cortexa9_0/bspinclude/include -MMD -MP -MF"src/platform.d" -MT"src/platform.o" -o "src/platform.o" "../src/platform.c"
'Finished building: ../src/platform.c'
' '
'Building file: ../src/pwmFunc.c'
'Invoking: ARM v7 gcc compiler'
arm-none-eabi-gcc -Wall -O0 -g3 -c -fmessage-length=0 -MT"src/pwmFunc.o" -mcpu=cortex-a9 -mfpu=vfpv3 -mfloat-abi=hard -IC:/Users/marti/workspace/system_wrapper/export/system_wrapper/sw/system_wrapper/standalone_ps7_cortexa9_0/bspinclude/include -MMD -MP -MF"src/pwmFunc.d" -MT"src/pwmFunc.o" -o "src/pwmFunc.o" "../src/pwmFunc.c"
'Finished building: ../src/pwmFunc.c'
' '
'Building file: ../src/scu_timer.c'
'Invoking: ARM v7 gcc compiler'
arm-none-eabi-gcc -Wall -O0 -g3 -c -fmessage-length=0 -MT"src/scu_timer.o" -mcpu=cortex-a9 -mfpu=vfpv3 -mfloat-abi=hard -IC:/Users/marti/workspace/system_wrapper/export/system_wrapper/sw/system_wrapper/standalone_ps7_cortexa9_0/bspinclude/include -MMD -MP -MF"src/scu_timer.d" -MT"src/scu_timer.o" -o "src/scu_timer.o" "../src/scu_timer.c"
'Finished building: ../src/scu_timer.c'
' '
'Building file: ../src/sensors.c'
'Invoking: ARM v7 gcc compiler'
arm-none-eabi-gcc -Wall -O0 -g3 -c -fmessage-length=0 -MT"src/sensors.o" -mcpu=cortex-a9 -mfpu=vfpv3 -mfloat-abi=hard -IC:/Users/marti/workspace/system_wrapper/export/system_wrapper/sw/system_wrapper/standalone_ps7_cortexa9_0/bspinclude/include -MMD -MP -MF"src/sensors.d" -MT"src/sensors.o" -o "src/sensors.o" "../src/sensors.c"
'Finished building: ../src/sensors.c'
' '
'Building file: ../src/timer_f.c'
'Invoking: ARM v7 gcc compiler'
arm-none-eabi-gcc -Wall -O0 -g3 -c -fmessage-length=0 -MT"src/timer_f.o" -mcpu=cortex-a9 -mfpu=vfpv3 -mfloat-abi=hard -IC:/Users/marti/workspace/system_wrapper/export/system_wrapper/sw/system_wrapper/standalone_ps7_cortexa9_0/bspinclude/include -MMD -MP -MF"src/timer_f.d" -MT"src/timer_f.o" -o "src/timer_f.o" "../src/timer_f.c"
'Finished building: ../src/timer_f.c'
' '
'Building file: ../src/xadc.c'
'Invoking: ARM v7 gcc compiler'
arm-none-eabi-gcc -Wall -O0 -g3 -c -fmessage-length=0 -MT"src/xadc.o" -mcpu=cortex-a9 -mfpu=vfpv3 -mfloat-abi=hard -IC:/Users/marti/workspace/system_wrapper/export/system_wrapper/sw/system_wrapper/standalone_ps7_cortexa9_0/bspinclude/include -MMD -MP -MF"src/xadc.d" -MT"src/xadc.o" -o "src/xadc.o" "../src/xadc.c"
'Finished building: ../src/xadc.c'
' '
'Building target: SolarPanel.elf'
'Invoking: ARM v7 gcc linker'
arm-none-eabi-gcc -mcpu=cortex-a9 -mfpu=vfpv3 -mfloat-abi=hard -Wl,-build-id=none -specs=Xilinx.spec -Wl,-T -Wl,../src/lscript.ld -LC:/Users/marti/workspace/system_wrapper/export/system_wrapper/sw/system_wrapper/standalone_ps7_cortexa9_0/bsplib/lib -o "SolarPanel.elf"  ./src/main.o ./src/motorMoveFunc.o ./src/platform.o ./src/pwmFunc.o ./src/scu_timer.o ./src/sensors.o ./src/timer_f.o ./src/xadc.o   -Wl,--start-group,-lxil,-lgcc,-lc,--end-group
'Finished building target: SolarPanel.elf'
' '
'Invoking: ARM v7 Print Size'
arm-none-eabi-size SolarPanel.elf  |tee "SolarPanel.elf.size"
   text	   data	    bss	    dec	    hex	filename
  68823	   3496	  22816	  95135	  1739f	SolarPanel.elf
'Finished building: SolarPanel.elf.size'
' '

12:10:48 Build Finished (took 4s.827ms)

