17:39:51 **** Incremental Build of configuration Debug for project Suntracker ****
make all 
make --no-print-directory pre-build
a9-linaro-pre-build-step
' '
make --no-print-directory main-build
'Building file: ../src/helloworld.c'
'Invoking: ARM v7 gcc compiler'
arm-none-eabi-gcc -Wall -O0 -g3 -c -fmessage-length=0 -MT"src/helloworld.o" -mcpu=cortex-a9 -mfpu=vfpv3 -mfloat-abi=hard -IC:/Users/marti/workspace/system_wrapper_1/export/system_wrapper_1/sw/system_wrapper_1/standalone_ps7_cortexa9_0/bspinclude/include -MMD -MP -MF"src/helloworld.d" -MT"src/helloworld.o" -o "src/helloworld.o" "../src/helloworld.c"
'Finished building: ../src/helloworld.c'
' '
'Building target: Suntracker.elf'
'Invoking: ARM v7 gcc linker'
arm-none-eabi-gcc -mcpu=cortex-a9 -mfpu=vfpv3 -mfloat-abi=hard -Wl,-build-id=none -specs=Xilinx.spec -Wl,-T -Wl,../src/lscript.ld -LC:/Users/marti/workspace/system_wrapper_1/export/system_wrapper_1/sw/system_wrapper_1/standalone_ps7_cortexa9_0/bsplib/lib -o "Suntracker.elf"  ./src/helloworld.o ./src/platform.o   -Wl,--start-group,-lxil,-lgcc,-lc,--end-group
'Finished building target: Suntracker.elf'
' '
'Invoking: ARM v7 Print Size'
arm-none-eabi-size Suntracker.elf  |tee "Suntracker.elf.size"
   text	   data	    bss	    dec	    hex	filename
  23438	   1184	  22624	  47246	   b88e	Suntracker.elf
'Finished building: Suntracker.elf.size'
' '

17:39:52 Build Finished (took 1s.168ms)

